-----------------------------------------------------------------
     Altibase Client Query utility.
     Release Version 7.1.0.2.4
     Copyright 2000, ALTIBASE Corporation or its subsidiaries.
     All Rights Reserved.
-----------------------------------------------------------------
ISQL_CONNECTION = TCP, SERVER = localhost, PORT_NO = 17730
iSQL> -- Test Purpose: Validate UNION DISTINCT on memory table with disk-temp default property.
iSQL> -- Checks:
iSQL> --   1) tables are created without TABLESPACE clause (memory table path)
iSQL> --   2) __OPTIMIZER_DEFAULT_TEMP_TBS_TYPE = 2 is applied
iSQL> --   3) union distinct result is correct
iSQL> --   4) property is reset to default (0) at end
iSQL> -- Manual reference:
iSQL> --   docs/manuals/altibase/Altibase_7.1/eng/Performance Tuning Guide.md
iSQL> ALTER SYSTEM SET __OPTIMIZER_DEFAULT_TEMP_TBS_TYPE = 2;
Alter success.
iSQL> SELECT CASE
           WHEN MEMORY_VALUE1 = '2' THEN 1 ELSE 0
       END AS PASS_PROP_SET
  FROM X$PROPERTY
 WHERE NAME = '__OPTIMIZER_DEFAULT_TEMP_TBS_TYPE';
PASS_PROP_SET 
----------------
1           
1 row selected.
iSQL> CREATE TABLE DSET_COV04_A
(
    K1      INTEGER,
    K2      VARCHAR(64),
    PAD1    VARCHAR(512)
);
Create success.
iSQL> CREATE TABLE DSET_COV04_B
(
    K1      INTEGER,
    K2      VARCHAR(64),
    PAD1    VARCHAR(512)
);
Create success.
iSQL> INSERT INTO DSET_COV04_A
SELECT MOD(LEVEL, 300),
       'A' || TO_CHAR(MOD(LEVEL, 90)),
       RPAD('UA' || TO_CHAR(LEVEL), 300, 'A')
  FROM DUAL
CONNECT BY LEVEL <= 1200;
1200 rows inserted.
iSQL> INSERT INTO DSET_COV04_B
SELECT MOD(LEVEL + 100, 300),
       'B' || TO_CHAR(MOD(LEVEL, 90)),
       RPAD('UB' || TO_CHAR(LEVEL), 300, 'B')
  FROM DUAL
CONNECT BY LEVEL <= 1200;
1200 rows inserted.
iSQL> SELECT K1, K2
  FROM (
        SELECT K1, K2 FROM DSET_COV04_A
        UNION
        SELECT K1, K2 FROM DSET_COV04_B
       ) U
 ORDER BY K1, K2
 LIMIT 60;
K1          K2                                                                
---------------------------------------------------------------------------------
0           A0                                                                
0           A30                                                               
0           A60                                                               
0           B20                                                               
0           B50                                                               
0           B80                                                               
1           A1                                                                
1           A31                                                               
1           A61                                                               
1           B21                                                               
1           B51                                                               
1           B81                                                               
2           A2                                                                
2           A32                                                               
2           A62                                                               
2           B22                                                               
2           B52                                                               
2           B82                                                               
3           A3                                                                
3           A33                                                               
3           A63                                                               
3           B23                                                               
3           B53                                                               
3           B83                                                               
4           A34                                                               
4           A4                                                                
4           A64                                                               
4           B24                                                               
4           B54                                                               
4           B84                                                               
5           A35                                                               
5           A5                                                                
5           A65                                                               
5           B25                                                               
5           B55                                                               
5           B85                                                               
6           A36                                                               
6           A6                                                                
6           A66                                                               
6           B26                                                               
6           B56                                                               
6           B86                                                               
7           A37                                                               
7           A67                                                               
7           A7                                                                
7           B27                                                               
7           B57                                                               
7           B87                                                               
8           A38                                                               
8           A68                                                               
8           A8                                                                
8           B28                                                               
8           B58                                                               
8           B88                                                               
9           A39                                                               
9           A69                                                               
9           A9                                                                
9           B29                                                               
9           B59                                                               
9           B89                                                               
60 rows selected.
iSQL> SELECT CASE
           WHEN (
                SELECT COUNT(*)
                  FROM (
                        SELECT K1, K2 FROM DSET_COV04_A
                        UNION
                        SELECT K1, K2 FROM DSET_COV04_B
                       ) U
                ) = 600
           THEN 1 ELSE 0
       END AS PASS_UNION_DISTINCT_CNT
  FROM DUAL;
PASS_UNION_DISTINCT_CNT 
--------------------------
0           
1 row selected.
iSQL> ALTER SYSTEM SET __OPTIMIZER_DEFAULT_TEMP_TBS_TYPE = 0;
Alter success.
iSQL> SELECT CASE
           WHEN MEMORY_VALUE1 = '0' THEN 1 ELSE 0
       END AS PASS_PROP_RESET
  FROM X$PROPERTY
 WHERE NAME = '__OPTIMIZER_DEFAULT_TEMP_TBS_TYPE';
PASS_PROP_RESET 
------------------
1           
1 row selected.
iSQL> DROP TABLE DSET_COV04_A;
Drop success.
iSQL> DROP TABLE DSET_COV04_B;
Drop success.
